
> carbon-intelligence@0.0.0 build
> vite build

node.exe : X [ERROR] 
Expected "}" but 
found "changeOrigin"
At line:1 char:1
+ & "C:\Program Files\
nodejs/node.exe" 
"C:\Program 
Files\nodejs/node_mo 
...
+ ~~~~~~~~~~~~~~~~~~~~
~~~~~~~~~~~~~~~~~~~~~~
~~~~~~~~~~~~~~~~~~~~~~
~~~~~
    + CategoryInfo    
          : 
NotSpecified:     (X 
[ERROR] Expec...     
"changeOrigin":Strin  
  g) [], 
RemoteExcepti    on
    + 
FullyQualifiedErro    
rId : NativeCommandE  
  rror
 

    
vite.config.js:10:8:
      10 Γöé         
changeOrigin: true
         Γöé         
~~~~~~~~~~~~
         Γò╡         }

[31mfailed to load 
config from D:\climate
\carbon-intelligence\v
ite.config.js[39m
[31merror during 
build:
Error: Build failed 
with 1 error:
vite.config.js:10:8: 
ERROR: Expected "}" 
but found 
"changeOrigin"
    at 
failureErrorWithLog (D
:\climate\carbon-intel
ligence\node_modules\e
sbuild\lib\main.js:146
7:15)
    at D:\climate\carb
on-intelligence\node_m
odules\esbuild\lib\mai
n.js:926:25
    at 
runOnEndCallbacks (D:\
climate\carbon-intelli
gence\node_modules\esb
uild\lib\main.js:1307:
45)
    at 
buildResponseToResult 
(D:\climate\carbon-int
elligence\node_modules
\esbuild\lib\main.js:9
24:7)
    at D:\climate\carb
on-intelligence\node_m
odules\esbuild\lib\mai
n.js:951:16
    at responseCallbac
ks.<computed> (D:\clim
ate\carbon-intelligenc
e\node_modules\esbuild
\lib\main.js:603:9)
    at 
handleIncomingPacket (
D:\climate\carbon-inte
lligence\node_modules\
esbuild\lib\main.js:65
8:12)
    at 
Socket.readFromStdout 
(D:\climate\carbon-int
elligence\node_modules
\esbuild\lib\main.js:5
81:7)
    at Socket.emit 
(node:events:508:28)
    at addChunk (node:
internal/streams/reada
ble:559:12)[39m
